Warning: You are sending unauthenticated requests to the HF Hub. Please set a HF_TOKEN to enable higher rate limits and faster downloads.
E2E 드라이런 · 93문항 (세트=전체) · top_k=5

Loading weights:   0%|          | 0/391 [00:00<?, ?it/s]Loading weights:  60%|██████    | 235/391 [00:00<00:00, 2322.38it/s]Loading weights: 100%|██████████| 391/391 [00:00<00:00, 2384.46it/s]
Loading weights:   0%|          | 0/391 [00:00<?, ?it/s]Loading weights:  75%|███████▌  | 295/391 [00:00<00:00, 2918.36it/s]Loading weights: 100%|██████████| 391/391 [00:00<00:00, 3058.50it/s]
  10/93 · 65초
  20/93 · 75초
  30/93 · 82초
  40/93 · 89초
  50/93 · 99초
  60/93 · 107초
  70/93 · 113초
  80/93 · 119초
  90/93 · 126초
  93/93 · 129초

==================================================================
E2E 드라이런 결과  (129초)
==================================================================
프롬프트 자수  중앙 15,221 · 최장 44,926 · n=93
  입력 예산 30,822자 (max-model-len 24,576 - max_tokens 3,000, 0.7토큰/자) -> 초과 14건  🔴 --max-model-len 을 올려라
구간             문항      일치율     기준선      초과    치명         판단불가(모델)      근거적중      인용적중
-------------------------------------------------------------------------------------
전체             93     7.5%   52.7%   -45.2     0       97.8%(모델0)     81.4%      0.0%

🔴 일치율이 다수결 기준선(52.7%, 항상 '불가')을 넘지 못했다. 이 수치는 판정 실력의 증거가 아니다.
   정답 분포: {'가능': 16, '조건부': 21, '불가': 49, '판단불가': 7}
  공통           26     0.0%   61.5%   -61.5     0       96.2%(모델0)     96.2%      0.0%
  사업지정         67    10.4%   49.3%   -38.8     0       98.5%(모델0)     75.0%      0.0%
  세트:공식         7     0.0%   71.4%   -71.4     0      100.0%(모델0)     71.4%      0.0%
  세트:보강        28    25.0%   42.9%   -17.9     0       96.4%(모델0)     95.2%      0.0%
  세트:본세트       34     0.0%   58.8%   -58.8     0       97.1%(모델0)     91.2%      0.0%
  세트:적대적       24     0.0%   79.2%   -79.2     0      100.0%(모델0)     58.3%      0.0%

4-way 혼동 (정답->예측, 0건 생략)
     불가->판단불가               49
     조건부->판단불가              19
     가능->판단불가               16
     판단불가->판단불가             7

경로 빈도 (어느 분기에서 끝났나)
    1정규화+3검색+4조립+dry중단                             91
    1정규화+C비목갈림                                     2

(--no-log) eval.runs 에 남기지 않았다
